// Jest Snapshot v1, https://goo.gl/fbAQLP

exports[`should render 1`] = `
ShallowWrapper {
  Symbol(enzyme.__root__): [Circular],
  Symbol(enzyme.__unrendered__): <App />,
  Symbol(enzyme.__renderer__): Object {
    "batchedUpdates": [Function],
    "checkPropTypes": [Function],
    "getNode": [Function],
    "render": [Function],
    "simulateError": [Function],
    "simulateEvent": [Function],
    "unmount": [Function],
  },
  Symbol(enzyme.__node__): Object {
    "instance": null,
    "key": undefined,
    "nodeType": "class",
    "props": Object {
      "children": <div>
        <header>
          <h1>
            New York Times Search
          </h1>
          <h3>
            find, save & annotate articles
          </h3>
          <nav>
            <Link
              replace={false}
              to="/"
            >
              Article Search
            </Link>
            <Link
              replace={false}
              to="/saved"
            >
              Saved Articles
            </Link>
          </nav>
        </header>
        <Switch>
          <Route
            component={[Function]}
            path="/saved"
          />
          <Route
            component={[Function]}
            path="/"
          />
        </Switch>
      </div>,
    },
    "ref": null,
    "rendered": Object {
      "instance": null,
      "key": undefined,
      "nodeType": "host",
      "props": Object {
        "children": Array [
          <header>
            <h1>
              New York Times Search
            </h1>
            <h3>
              find, save & annotate articles
            </h3>
            <nav>
              <Link
                replace={false}
                to="/"
              >
                Article Search
              </Link>
              <Link
                replace={false}
                to="/saved"
              >
                Saved Articles
              </Link>
            </nav>
          </header>,
          <Switch>
            <Route
              component={[Function]}
              path="/saved"
            />
            <Route
              component={[Function]}
              path="/"
            />
          </Switch>,
        ],
      },
      "ref": null,
      "rendered": Array [
        Object {
          "instance": null,
          "key": undefined,
          "nodeType": "host",
          "props": Object {
            "children": Array [
              <h1>
                New York Times Search
              </h1>,
              <h3>
                find, save & annotate articles
              </h3>,
              <nav>
                <Link
                  replace={false}
                  to="/"
                >
                  Article Search
                </Link>
                <Link
                  replace={false}
                  to="/saved"
                >
                  Saved Articles
                </Link>
              </nav>,
            ],
          },
          "ref": null,
          "rendered": Array [
            Object {
              "instance": null,
              "key": undefined,
              "nodeType": "host",
              "props": Object {
                "children": "New York Times Search",
              },
              "ref": null,
              "rendered": "New York Times Search",
              "type": "h1",
            },
            Object {
              "instance": null,
              "key": undefined,
              "nodeType": "host",
              "props": Object {
                "children": "find, save & annotate articles",
              },
              "ref": null,
              "rendered": "find, save & annotate articles",
              "type": "h3",
            },
            Object {
              "instance": null,
              "key": undefined,
              "nodeType": "host",
              "props": Object {
                "children": Array [
                  <Link
                    replace={false}
                    to="/"
                  >
                    Article Search
                  </Link>,
                  <Link
                    replace={false}
                    to="/saved"
                  >
                    Saved Articles
                  </Link>,
                ],
              },
              "ref": null,
              "rendered": Array [
                Object {
                  "instance": null,
                  "key": undefined,
                  "nodeType": "class",
                  "props": Object {
                    "children": "Article Search",
                    "replace": false,
                    "to": "/",
                  },
                  "ref": null,
                  "rendered": "Article Search",
                  "type": [Function],
                },
                Object {
                  "instance": null,
                  "key": undefined,
                  "nodeType": "class",
                  "props": Object {
                    "children": "Saved Articles",
                    "replace": false,
                    "to": "/saved",
                  },
                  "ref": null,
                  "rendered": "Saved Articles",
                  "type": [Function],
                },
              ],
              "type": "nav",
            },
          ],
          "type": "header",
        },
        Object {
          "instance": null,
          "key": undefined,
          "nodeType": "class",
          "props": Object {
            "children": Array [
              <Route
                component={[Function]}
                path="/saved"
              />,
              <Route
                component={[Function]}
                path="/"
              />,
            ],
          },
          "ref": null,
          "rendered": Array [
            Object {
              "instance": null,
              "key": undefined,
              "nodeType": "class",
              "props": Object {
                "component": [Function],
                "path": "/saved",
              },
              "ref": null,
              "rendered": null,
              "type": [Function],
            },
            Object {
              "instance": null,
              "key": undefined,
              "nodeType": "class",
              "props": Object {
                "component": [Function],
                "path": "/",
              },
              "ref": null,
              "rendered": null,
              "type": [Function],
            },
          ],
          "type": [Function],
        },
      ],
      "type": "div",
    },
    "type": [Function],
  },
  Symbol(enzyme.__nodes__): Array [
    Object {
      "instance": null,
      "key": undefined,
      "nodeType": "class",
      "props": Object {
        "children": <div>
          <header>
            <h1>
              New York Times Search
            </h1>
            <h3>
              find, save & annotate articles
            </h3>
            <nav>
              <Link
                replace={false}
                to="/"
              >
                Article Search
              </Link>
              <Link
                replace={false}
                to="/saved"
              >
                Saved Articles
              </Link>
            </nav>
          </header>
          <Switch>
            <Route
              component={[Function]}
              path="/saved"
            />
            <Route
              component={[Function]}
              path="/"
            />
          </Switch>
        </div>,
      },
      "ref": null,
      "rendered": Object {
        "instance": null,
        "key": undefined,
        "nodeType": "host",
        "props": Object {
          "children": Array [
            <header>
              <h1>
                New York Times Search
              </h1>
              <h3>
                find, save & annotate articles
              </h3>
              <nav>
                <Link
                  replace={false}
                  to="/"
                >
                  Article Search
                </Link>
                <Link
                  replace={false}
                  to="/saved"
                >
                  Saved Articles
                </Link>
              </nav>
            </header>,
            <Switch>
              <Route
                component={[Function]}
                path="/saved"
              />
              <Route
                component={[Function]}
                path="/"
              />
            </Switch>,
          ],
        },
        "ref": null,
        "rendered": Array [
          Object {
            "instance": null,
            "key": undefined,
            "nodeType": "host",
            "props": Object {
              "children": Array [
                <h1>
                  New York Times Search
                </h1>,
                <h3>
                  find, save & annotate articles
                </h3>,
                <nav>
                  <Link
                    replace={false}
                    to="/"
                  >
                    Article Search
                  </Link>
                  <Link
                    replace={false}
                    to="/saved"
                  >
                    Saved Articles
                  </Link>
                </nav>,
              ],
            },
            "ref": null,
            "rendered": Array [
              Object {
                "instance": null,
                "key": undefined,
                "nodeType": "host",
                "props": Object {
                  "children": "New York Times Search",
                },
                "ref": null,
                "rendered": "New York Times Search",
                "type": "h1",
              },
              Object {
                "instance": null,
                "key": undefined,
                "nodeType": "host",
                "props": Object {
                  "children": "find, save & annotate articles",
                },
                "ref": null,
                "rendered": "find, save & annotate articles",
                "type": "h3",
              },
              Object {
                "instance": null,
                "key": undefined,
                "nodeType": "host",
                "props": Object {
                  "children": Array [
                    <Link
                      replace={false}
                      to="/"
                    >
                      Article Search
                    </Link>,
                    <Link
                      replace={false}
                      to="/saved"
                    >
                      Saved Articles
                    </Link>,
                  ],
                },
                "ref": null,
                "rendered": Array [
                  Object {
                    "instance": null,
                    "key": undefined,
                    "nodeType": "class",
                    "props": Object {
                      "children": "Article Search",
                      "replace": false,
                      "to": "/",
                    },
                    "ref": null,
                    "rendered": "Article Search",
                    "type": [Function],
                  },
                  Object {
                    "instance": null,
                    "key": undefined,
                    "nodeType": "class",
                    "props": Object {
                      "children": "Saved Articles",
                      "replace": false,
                      "to": "/saved",
                    },
                    "ref": null,
                    "rendered": "Saved Articles",
                    "type": [Function],
                  },
                ],
                "type": "nav",
              },
            ],
            "type": "header",
          },
          Object {
            "instance": null,
            "key": undefined,
            "nodeType": "class",
            "props": Object {
              "children": Array [
                <Route
                  component={[Function]}
                  path="/saved"
                />,
                <Route
                  component={[Function]}
                  path="/"
                />,
              ],
            },
            "ref": null,
            "rendered": Array [
              Object {
                "instance": null,
                "key": undefined,
                "nodeType": "class",
                "props": Object {
                  "component": [Function],
                  "path": "/saved",
                },
                "ref": null,
                "rendered": null,
                "type": [Function],
              },
              Object {
                "instance": null,
                "key": undefined,
                "nodeType": "class",
                "props": Object {
                  "component": [Function],
                  "path": "/",
                },
                "ref": null,
                "rendered": null,
                "type": [Function],
              },
            ],
            "type": [Function],
          },
        ],
        "type": "div",
      },
      "type": [Function],
    },
  ],
  Symbol(enzyme.__options__): Object {
    "adapter": ReactSixteenAdapter {
      "options": Object {
        "enableComponentDidUpdateOnSetState": true,
        "legacyContextMode": "parent",
        "lifecycles": Object {
          "componentDidUpdate": Object {
            "onSetState": true,
          },
          "getChildContext": Object {
            "calledByRenderer": false,
          },
          "getDerivedStateFromProps": Object {
            "hasShouldComponentUpdateBug": false,
          },
          "getSnapshotBeforeUpdate": true,
          "setState": Object {
            "skipsComponentDidUpdateOnNullish": true,
          },
        },
      },
    },
  },
  Symbol(enzyme.__childContext__): null,
}
`;

exports[`should render without exploding 1`] = `
ShallowWrapper {
  Symbol(enzyme.__root__): [Circular],
  Symbol(enzyme.__unrendered__): <App />,
  Symbol(enzyme.__renderer__): Object {
    "batchedUpdates": [Function],
    "checkPropTypes": [Function],
    "getNode": [Function],
    "render": [Function],
    "simulateError": [Function],
    "simulateEvent": [Function],
    "unmount": [Function],
  },
  Symbol(enzyme.__node__): Object {
    "instance": null,
    "key": undefined,
    "nodeType": "class",
    "props": Object {
      "children": <div>
        <header>
          <h1>
            New York Times Search
          </h1>
          <h3>
            find, save & annotate articles
          </h3>
          <nav>
            <Link
              replace={false}
              to="/"
            >
              Article Search
            </Link>
            <Link
              replace={false}
              to="/saved"
            >
              Saved Articles
            </Link>
          </nav>
        </header>
        <Switch>
          <Route
            component={[Function]}
            path="/saved"
          />
          <Route
            component={[Function]}
            path="/"
          />
        </Switch>
      </div>,
    },
    "ref": null,
    "rendered": Object {
      "instance": null,
      "key": undefined,
      "nodeType": "host",
      "props": Object {
        "children": Array [
          <header>
            <h1>
              New York Times Search
            </h1>
            <h3>
              find, save & annotate articles
            </h3>
            <nav>
              <Link
                replace={false}
                to="/"
              >
                Article Search
              </Link>
              <Link
                replace={false}
                to="/saved"
              >
                Saved Articles
              </Link>
            </nav>
          </header>,
          <Switch>
            <Route
              component={[Function]}
              path="/saved"
            />
            <Route
              component={[Function]}
              path="/"
            />
          </Switch>,
        ],
      },
      "ref": null,
      "rendered": Array [
        Object {
          "instance": null,
          "key": undefined,
          "nodeType": "host",
          "props": Object {
            "children": Array [
              <h1>
                New York Times Search
              </h1>,
              <h3>
                find, save & annotate articles
              </h3>,
              <nav>
                <Link
                  replace={false}
                  to="/"
                >
                  Article Search
                </Link>
                <Link
                  replace={false}
                  to="/saved"
                >
                  Saved Articles
                </Link>
              </nav>,
            ],
          },
          "ref": null,
          "rendered": Array [
            Object {
              "instance": null,
              "key": undefined,
              "nodeType": "host",
              "props": Object {
                "children": "New York Times Search",
              },
              "ref": null,
              "rendered": "New York Times Search",
              "type": "h1",
            },
            Object {
              "instance": null,
              "key": undefined,
              "nodeType": "host",
              "props": Object {
                "children": "find, save & annotate articles",
              },
              "ref": null,
              "rendered": "find, save & annotate articles",
              "type": "h3",
            },
            Object {
              "instance": null,
              "key": undefined,
              "nodeType": "host",
              "props": Object {
                "children": Array [
                  <Link
                    replace={false}
                    to="/"
                  >
                    Article Search
                  </Link>,
                  <Link
                    replace={false}
                    to="/saved"
                  >
                    Saved Articles
                  </Link>,
                ],
              },
              "ref": null,
              "rendered": Array [
                Object {
                  "instance": null,
                  "key": undefined,
                  "nodeType": "class",
                  "props": Object {
                    "children": "Article Search",
                    "replace": false,
                    "to": "/",
                  },
                  "ref": null,
                  "rendered": "Article Search",
                  "type": [Function],
                },
                Object {
                  "instance": null,
                  "key": undefined,
                  "nodeType": "class",
                  "props": Object {
                    "children": "Saved Articles",
                    "replace": false,
                    "to": "/saved",
                  },
                  "ref": null,
                  "rendered": "Saved Articles",
                  "type": [Function],
                },
              ],
              "type": "nav",
            },
          ],
          "type": "header",
        },
        Object {
          "instance": null,
          "key": undefined,
          "nodeType": "class",
          "props": Object {
            "children": Array [
              <Route
                component={[Function]}
                path="/saved"
              />,
              <Route
                component={[Function]}
                path="/"
              />,
            ],
          },
          "ref": null,
          "rendered": Array [
            Object {
              "instance": null,
              "key": undefined,
              "nodeType": "class",
              "props": Object {
                "component": [Function],
                "path": "/saved",
              },
              "ref": null,
              "rendered": null,
              "type": [Function],
            },
            Object {
              "instance": null,
              "key": undefined,
              "nodeType": "class",
              "props": Object {
                "component": [Function],
                "path": "/",
              },
              "ref": null,
              "rendered": null,
              "type": [Function],
            },
          ],
          "type": [Function],
        },
      ],
      "type": "div",
    },
    "type": [Function],
  },
  Symbol(enzyme.__nodes__): Array [
    Object {
      "instance": null,
      "key": undefined,
      "nodeType": "class",
      "props": Object {
        "children": <div>
          <header>
            <h1>
              New York Times Search
            </h1>
            <h3>
              find, save & annotate articles
            </h3>
            <nav>
              <Link
                replace={false}
                to="/"
              >
                Article Search
              </Link>
              <Link
                replace={false}
                to="/saved"
              >
                Saved Articles
              </Link>
            </nav>
          </header>
          <Switch>
            <Route
              component={[Function]}
              path="/saved"
            />
            <Route
              component={[Function]}
              path="/"
            />
          </Switch>
        </div>,
      },
      "ref": null,
      "rendered": Object {
        "instance": null,
        "key": undefined,
        "nodeType": "host",
        "props": Object {
          "children": Array [
            <header>
              <h1>
                New York Times Search
              </h1>
              <h3>
                find, save & annotate articles
              </h3>
              <nav>
                <Link
                  replace={false}
                  to="/"
                >
                  Article Search
                </Link>
                <Link
                  replace={false}
                  to="/saved"
                >
                  Saved Articles
                </Link>
              </nav>
            </header>,
            <Switch>
              <Route
                component={[Function]}
                path="/saved"
              />
              <Route
                component={[Function]}
                path="/"
              />
            </Switch>,
          ],
        },
        "ref": null,
        "rendered": Array [
          Object {
            "instance": null,
            "key": undefined,
            "nodeType": "host",
            "props": Object {
              "children": Array [
                <h1>
                  New York Times Search
                </h1>,
                <h3>
                  find, save & annotate articles
                </h3>,
                <nav>
                  <Link
                    replace={false}
                    to="/"
                  >
                    Article Search
                  </Link>
                  <Link
                    replace={false}
                    to="/saved"
                  >
                    Saved Articles
                  </Link>
                </nav>,
              ],
            },
            "ref": null,
            "rendered": Array [
              Object {
                "instance": null,
                "key": undefined,
                "nodeType": "host",
                "props": Object {
                  "children": "New York Times Search",
                },
                "ref": null,
                "rendered": "New York Times Search",
                "type": "h1",
              },
              Object {
                "instance": null,
                "key": undefined,
                "nodeType": "host",
                "props": Object {
                  "children": "find, save & annotate articles",
                },
                "ref": null,
                "rendered": "find, save & annotate articles",
                "type": "h3",
              },
              Object {
                "instance": null,
                "key": undefined,
                "nodeType": "host",
                "props": Object {
                  "children": Array [
                    <Link
                      replace={false}
                      to="/"
                    >
                      Article Search
                    </Link>,
                    <Link
                      replace={false}
                      to="/saved"
                    >
                      Saved Articles
                    </Link>,
                  ],
                },
                "ref": null,
                "rendered": Array [
                  Object {
                    "instance": null,
                    "key": undefined,
                    "nodeType": "class",
                    "props": Object {
                      "children": "Article Search",
                      "replace": false,
                      "to": "/",
                    },
                    "ref": null,
                    "rendered": "Article Search",
                    "type": [Function],
                  },
                  Object {
                    "instance": null,
                    "key": undefined,
                    "nodeType": "class",
                    "props": Object {
                      "children": "Saved Articles",
                      "replace": false,
                      "to": "/saved",
                    },
                    "ref": null,
                    "rendered": "Saved Articles",
                    "type": [Function],
                  },
                ],
                "type": "nav",
              },
            ],
            "type": "header",
          },
          Object {
            "instance": null,
            "key": undefined,
            "nodeType": "class",
            "props": Object {
              "children": Array [
                <Route
                  component={[Function]}
                  path="/saved"
                />,
                <Route
                  component={[Function]}
                  path="/"
                />,
              ],
            },
            "ref": null,
            "rendered": Array [
              Object {
                "instance": null,
                "key": undefined,
                "nodeType": "class",
                "props": Object {
                  "component": [Function],
                  "path": "/saved",
                },
                "ref": null,
                "rendered": null,
                "type": [Function],
              },
              Object {
                "instance": null,
                "key": undefined,
                "nodeType": "class",
                "props": Object {
                  "component": [Function],
                  "path": "/",
                },
                "ref": null,
                "rendered": null,
                "type": [Function],
              },
            ],
            "type": [Function],
          },
        ],
        "type": "div",
      },
      "type": [Function],
    },
  ],
  Symbol(enzyme.__options__): Object {
    "adapter": ReactSixteenAdapter {
      "options": Object {
        "enableComponentDidUpdateOnSetState": true,
        "legacyContextMode": "parent",
        "lifecycles": Object {
          "componentDidUpdate": Object {
            "onSetState": true,
          },
          "getChildContext": Object {
            "calledByRenderer": false,
          },
          "getDerivedStateFromProps": Object {
            "hasShouldComponentUpdateBug": false,
          },
          "getSnapshotBeforeUpdate": true,
          "setState": Object {
            "skipsComponentDidUpdateOnNullish": true,
          },
        },
      },
    },
  },
  Symbol(enzyme.__childContext__): null,
}
`;
